// Jest Snapshot v1, https://goo.gl/fbAQLP

exports[`Tests Carousel component renders component correctly 1`] = `
<div>
  <div
    class="swiper-container swiper-container-initialized swiper-container-horizontal wrapper md"
    role="list"
    style="width: calc(100% + 2 * 0px); margin-left: 0px;"
  >
    <div
      class="swiper-wrapper"
      style="transition-duration: 0ms; transform: translate3d(NaNpx, 0px, 0px);"
    >
      <div
        class="swiper-slide item"
      >
        <div
          class=""
        >
          item $
          1
        </div>
      </div>
      <div
        class="swiper-slide item"
      >
        <div
          class=""
        >
          item $
          2
        </div>
      </div>
      <div
        class="swiper-slide item"
      >
        <div
          class=""
        >
          item $
          3
        </div>
      </div>
    </div>
  </div>
</div>
`;
