// Jest Snapshot v1, https://goo.gl/fbAQLP

exports[`Tests Space component renders component correctly 1`] = `
<div>
  <div
    class="spaceWrapper wrapper"
  >
    Test
    <style>
      
        .wrapper {
          display: flex;
          flex-direction: row;
          flex-wrap: nowrap;
          
          
          
        }
      
    </style>
  </div>
</div>
`;
