// Jest Snapshot v1, https://goo.gl/fbAQLP

exports[`Tests Select component renders component correctly 1`] = `
<div>
  <div
    class="wrapper"
  >
    <button
      class="wrapper medium clear button"
    >
      <div
        class="wrapper"
      >
        <span
          class="label"
        />
        <svg
          class="arrow"
          fill="none"
          height="1em"
          stroke="currentColor"
          stroke-linecap="round"
          stroke-linejoin="round"
          stroke-width="2"
          viewBox="0 0 24 24"
          width="1em"
          xmlns="http://www.w3.org/2000/svg"
        >
          <polyline
            points="6 9 12 15 18 9"
          />
        </svg>
        <style>
          
        .wrapper {
          display: flex;
          flex-direction: row;
          flex-wrap: nowrap;
          gap: 5px;
          
          align-items: center;
        }
      
        </style>
      </div>
    </button>
  </div>
</div>
`;
