// Jest Snapshot v1, https://goo.gl/fbAQLP

exports[`Tests Tooltip component renders component correctly 1`] = `
<div>
  <div
    aria-label="Close"
    class="tooltipContent"
    data-mui-internal-clone-element="true"
    role="tooltip"
  >
    <button>
      X
    </button>
  </div>
</div>
`;
