// Jest Snapshot v1, https://goo.gl/fbAQLP

exports[`Tests Card component renders component correctly 1`] = `
<div>
  <div
    class="wrapper wrapper"
  >
    <div
      class="wrapper"
      role="img"
    >
      <div
        aria-label="image"
        class="image image"
      />
      <style>
        
        .wrapper {
          width: 50px;
          height: 50px;
          min-width: 50px;
        }
        .wrapper::before {
          padding-top: 100%;
        }

        .image {
          background-image: url(https://picsum.photos/200/300);
        }
      
      </style>
    </div>
    <div
      class="wrapper body"
    >
      <h2
        class="wrapper heading"
      >
        Title
      </h2>
      <span
        class="wrapper description sm"
      >
        Description
        <style>
          
        wrapper {
          
        }
      
        </style>
      </span>
      <style>
        
        .wrapper {
          display: flex;
          flex-direction: column;
          flex-wrap: nowrap;
          gap: 3px;
          
          
        }
      
      </style>
    </div>
  </div>
</div>
`;
