// Jest Snapshot v1, https://goo.gl/fbAQLP

exports[`Tests MediaResume component renders component correctly 1`] = `
<div>
  <div
    class="wrapper full dark"
  >
    <div
      aria-label="backdrop"
      class="wrapper"
      role="img"
    >
      <div
        class="content"
      />
      <style>
        
        .wrapper {
          width: 100%;
          height: 100%;
          min-width: 100%;
        }
        .wrapper::before {
          padding-top: 0;
        }
      
      </style>
    </div>
    <div
      class="wrapper body"
    >
      <div
        class="wrapper"
      >
        <div
          class="wrapper"
        >
          <div
            class="wrapper"
          >
            <div
              aria-label="image"
              class="wrapper"
              role="img"
            >
              <div
                class="content"
              />
              <style>
                
        .wrapper {
          width: 110px;
          height: 165px;
          min-width: 110px;
        }
        .wrapper::before {
          padding-top: 150%;
        }
      
              </style>
            </div>
          </div>
          <div
            class="wrapper"
          >
            <h3
              class="wrapper"
            />
            <span
              class="wrapper sm"
            >
              undefined - undefined
              <style>
                
        .wrapper {
          
          
          
        }
      
              </style>
            </span>
            <a
              href="//"
            >
              <button
                class="wrapper medium clear buttonBack"
              >
                <svg
                  fill="none"
                  height="1em"
                  stroke="currentColor"
                  stroke-linecap="round"
                  stroke-linejoin="round"
                  stroke-width="2"
                  viewBox="0 0 24 24"
                  width="1em"
                  xmlns="http://www.w3.org/2000/svg"
                >
                  <line
                    x1="19"
                    x2="5"
                    y1="12"
                    y2="12"
                  />
                  <polyline
                    points="12 19 5 12 12 5"
                  />
                </svg>
                main.go.back.button
              </button>
            </a>
            <style>
              
        .wrapper {
          display: flex;
          flex-direction: column;
          flex-wrap: nowrap;
          gap: 10px;
          
          
        }
      
            </style>
          </div>
          <style>
            
        .wrapper {
          display: flex;
          flex-direction: row;
          flex-wrap: nowrap;
          gap: 25px;
          
          
        }
      
          </style>
        </div>
      </div>
      <style>
        
        .wrapper {
          display: flex;
          flex-direction: column;
          flex-wrap: nowrap;
          gap: 2px;
          justify-content: center;
          
        }
      
      </style>
    </div>
  </div>
</div>
`;
