// Jest Snapshot v1, https://goo.gl/fbAQLP

exports[`Tests movies page renders page correctly 1`] = `
<div>
  <div
    class="containerWrapper hasMargins"
  >
    <h1>
      movies page
    </h1>
  </div>
</div>
`;
