// Jest Snapshot v1, https://goo.gl/fbAQLP

exports[`Tests tv detail page renders page correctly 1`] = `
<div>
  <div
    class="wrapper hasMargins"
  />
</div>
`;
