// Jest Snapshot v1, https://goo.gl/fbAQLP

exports[`Tests Modal component renders component correctly 1`] = `
<div
  aria-hidden="true"
/>
`;
