// Jest Snapshot v1, https://goo.gl/fbAQLP

exports[`Tests Button component renders component correctly 1`] = `
<div>
  <button
    class="buttonWrapper medium"
  >
    Test
  </button>
</div>
`;
